-- -testdata-book-exec.yml --
desc: Captured of exec.yml run
steps:
- exec:
    command: echo hello world!!
    shell: sh
  test: |
    current.stdout == "hello world!!\n"
    && current.stderr == ""
- exec:
    command: cat
    shell: sh
    stdin: |
      hello world!!
  test: |
    current.stdout == "hello world!!\n"
    && current.stderr == ""
- exec:
    command: basename `echo $0`
    shell: bash
  test: |
    current.stdout == "bash\n"
    && current.stderr == ""
- exec:
    command: sleep 1000
    shell: sh
    background: true
