-----START COMMAND-----
echo hello world!!
-----END COMMAND-----
-----START STDOUT-----
hello world!!

-----END STDOUT-----
-----START STDERR-----

-----END STDERR-----
-----START COMMAND-----
cat
-----END COMMAND-----
-----START STDIN-----
hello world!!

-----END STDIN-----
-----START STDOUT-----
hello world!!

-----END STDOUT-----
-----START STDERR-----

-----END STDERR-----
-----START COMMAND-----
basename `echo $0`
-----END COMMAND-----
-----START STDOUT-----
bash

-----END STDOUT-----
-----START STDERR-----

-----END STDERR-----
-----START COMMAND-----
sleep 1000
-----END COMMAND-----
