10   getusers:
11     req:
12       /users:
13         get:
14           body: null
15     test: |
16       'bob' in map(current.res.body, {#.username})