{
  "total": 5,
  "success": 3,
  "failure": 2,
  "skipped": 0,
  "results": [
    {
      "id": "ab13ba1e546838ceafa17f91ab3220102f397b2e",
      "path": "testdata/book/runn_0_success.yml",
      "result": "success",
      "steps": [
        {
          "key": "0",
          "result": "success"
        }
      ]
    },
    {
      "id": "ab13ba1e546838ceafa17f91ab3220102f397b2e",
      "path": "testdata/book/runn_1_fail.yml",
      "result": "failure",
      "steps": [
        {
          "key": "0",
          "result": "failure"
        }
      ]
    },
    {
      "id": "ab13ba1e546838ceafa17f91ab3220102f397b2e",
      "path": "testdata/book/runn_2_success.yml",
      "result": "success",
      "steps": [
        {
          "key": "0",
          "result": "success"
        }
      ]
    },
    {
      "id": "ab13ba1e546838ceafa17f91ab3220102f397b2e",
      "path": "testdata/book/runn_3.skip.yml",
      "result": "success",
      "steps": [
        {
          "key": "0",
          "result": "skipped"
        }
      ]
    },
    {
      "id": "ab13ba1e546838ceafa17f91ab3220102f397b2e",
      "path": "testdata/book/always_failure.yml",
      "result": "failure",
      "steps": [
        {
          "key": "0",
          "result": "failure"
        }
      ]
    }
  ]
}
