{
  "total": 2,
  "success": 1,
  "failure": 1,
  "skipped": 0,
  "results": [
    {
      "id": "ab13ba1e546838ceafa17f91ab3220102f397b2e",
      "path": "testdata/book/runn_0_success.yml",
      "result": "success",
      "steps": [
        {
          "key": "0",
          "result": "success"
        }
      ]
    },
    {
      "id": "ab13ba1e546838ceafa17f91ab3220102f397b2e",
      "path": "testdata/book/runn_1_fail.yml",
      "result": "failure",
      "steps": [
        {
          "key": "0",
          "result": "failure",
          "included_run_result": {
            "id": "ab13ba1e546838ceafa17f91ab3220102f397b2e",
            "path": "testdata/book/runn_included_0_fail.yml",
            "result": "failure",
            "steps": [
              {
                "key": "0",
                "result": "failure"
              }
            ]
          }
        }
      ]
    }
  ]
}
