    --- (0) ... fail
            --- (0) ... fail
                Failure/Error: dummy
