===  (testdata/book/runn_1_fail.yml) ... fail
    --- (0) ... fail
        ===  (testdata/book/runn_included_0_fail.yml) ... fail
            --- (0) ... fail
                Failure/Error: dummy
