    --- (1) ... fail
        Failure/Error: dummy
